// Jest Snapshot v1, https://goo.gl/fbAQLP

exports[`ContentViewOptions Component should render correctly 1`] = `
<div
  className="view-options"
>
  <a
    className="btn btn-default btn-xs pull-left"
    href="#"
    onClick={[Function]}
  >
    <span>
      <b>
        View:
      </b>
       
      auto
       
      <span
        className="caret"
      />
    </span>
  </a>
   
  <a
    className="btn btn-default btn-xs"
    href="./flows/d91165be-ca1f-4612-88a9-c0f8696f3e29/response/content.data"
    title="Download the content of the flow."
  >
    <i
      className="fa fa-download"
    />
  </a>
   
   
  <span>
    foo
  </span>
</div>
`;
